// Jest Snapshot v1, https://goo.gl/fbAQLP

exports[`renders correctly 1`] = `
<View
  style={
    {
      "backgroundColor": "#EAEAEA",
    }
  }
>
  <View
    style={
      [
        {
          "alignItems": "center",
          "backgroundColor": "#143980",
          "borderBottomLeftRadius": 20,
          "borderBottomRightRadius": 20,
          "justifyContent": "center",
        },
        {
          "height": undefined,
        },
      ]
    }
  >
    <View
      style={
        {
          "alignItems": "center",
          "flexDirection": "row",
          "justifyContent": "space-between",
          "width": "90%",
        }
      }
    >
      <View
        accessibilityState={
          {
            "busy": undefined,
            "checked": undefined,
            "disabled": undefined,
            "expanded": undefined,
            "selected": undefined,
          }
        }
        accessibilityValue={
          {
            "max": undefined,
            "min": undefined,
            "now": undefined,
            "text": undefined,
          }
        }
        accessible={true}
        collapsable={false}
        focusable={false}
        onClick={[Function]}
        onResponderGrant={[Function]}
        onResponderMove={[Function]}
        onResponderRelease={[Function]}
        onResponderTerminate={[Function]}
        onResponderTerminationRequest={[Function]}
        onStartShouldSetResponder={[Function]}
        style={
          {
            "opacity": 1,
          }
        }
      >
        <Image
          resizeMode="contain"
          source={
            {
              "testUri": "../../../App/Assets/Images/arrow-left.png",
            }
          }
        />
      </View>
      <View
        style={
          {
            "alignItems": "flex-start",
          }
        }
      >
        <Text
          style={
            {
              "color": "#FFFFFF",
              "fontSize": 18,
              "fontWeight": "bold",
              "marginRight": 115,
              "textAlign": "left",
            }
          }
        />
      </View>
    </View>
  </View>
</View>
`;
